npm verb cli C:\Program Files\nodejs\node.exe C:\Users\User\AppData\Roaming\npm\node_modules\npm\bin\npm-cli.js
npm info using npm@10.2.0
npm info using node@v22.13.1
npm verb title npm install
npm verb argv "install" "--legacy-peer-deps" "--loglevel" "verbose"
npm verb logfile logs-max:10 dir:C:\Users\User\AppData\Local\npm-cache\_logs\2026-05-09T21_50_06_140Z-
npm verb logfile C:\Users\User\AppData\Local\npm-cache\_logs\2026-05-09T21_50_06_140Z-debug-0.log
npm http fetch GET 200 https://registry.npmjs.org/cypress 134ms (cache revalidated)
npm http fetch GET 200 https://registry.npmjs.org/browserstack-cypress-cli 239ms (cache revalidated)
npm http fetch GET 200 https://registry.npmjs.org/async 545ms (cache revalidated)
npm http fetch GET 200 https://registry.npmjs.org/fs-extra 544ms (cache revalidated)
npm http fetch GET 200 https://registry.npmjs.org/cli-progress 546ms (cache revalidated)
npm http fetch GET 200 https://registry.npmjs.org/archiver 549ms (cache revalidated)
npm http fetch GET 200 https://registry.npmjs.org/form-data 547ms (cache revalidated)
npm http fetch GET 200 https://registry.npmjs.org/axios 551ms (cache revalidated)
npm http fetch GET 200 https://registry.npmjs.org/https-proxy-agent 552ms (cache revalidated)
npm http fetch GET 200 https://registry.npmjs.org/chalk 557ms (cache revalidated)
npm http fetch GET 200 https://registry.npmjs.org/axios-retry 558ms (cache revalidated)
npm http fetch GET 200 https://registry.npmjs.org/mkdirp 555ms (cache revalidated)
npm http fetch GET 200 https://registry.npmjs.org/table 555ms (cache revalidated)
npm http fetch GET 200 https://registry.npmjs.org/winston 556ms (cache revalidated)
npm http fetch GET 200 https://registry.npmjs.org/tmp 556ms (cache revalidated)
npm http fetch GET 200 https://registry.npmjs.org/uuid 559ms (cache revalidated)
npm http fetch GET 200 https://registry.npmjs.org/glob 562ms (cache revalidated)
npm http fetch GET 200 https://registry.npmjs.org/semver 558ms (cache revalidated)
npm http fetch GET 200 https://registry.npmjs.org/buffer 561ms (cache revalidated)
npm http fetch GET 200 https://registry.npmjs.org/chalk 564ms (cache revalidated)
npm http fetch GET 200 https://registry.npmjs.org/lodash 563ms (cache revalidated)
npm http fetch GET 200 https://registry.npmjs.org/yargs 568ms (cache revalidated)
npm http fetch GET 200 https://registry.npmjs.org/process 565ms (cache revalidated)
npm http fetch GET 200 https://registry.npmjs.org/arch 569ms (cache revalidated)
npm http fetch GET 200 https://registry.npmjs.org/execa 569ms (cache revalidated)
npm http fetch GET 200 https://registry.npmjs.org/debug 571ms (cache revalidated)
npm http fetch GET 200 https://registry.npmjs.org/dayjs 572ms (cache revalidated)
npm http fetch GET 200 https://registry.npmjs.org/tree-kill 570ms (cache revalidated)
npm http fetch GET 200 https://registry.npmjs.org/mocha 579ms (cache revalidated)
npm http fetch GET 200 https://registry.npmjs.org/minimist 582ms (cache revalidated)
npm http fetch GET 200 https://registry.npmjs.org/untildify 581ms (cache revalidated)
npm http fetch GET 200 https://registry.npmjs.org/fs-extra 584ms (cache revalidated)
npm http fetch GET 200 https://registry.npmjs.org/commander 584ms (cache revalidated)
npm http fetch GET 200 https://registry.npmjs.org/ci-info 588ms (cache revalidated)
npm http fetch GET 200 https://registry.npmjs.org/lazy-ass 587ms (cache revalidated)
npm http fetch GET 200 https://registry.npmjs.org/bluebird 589ms (cache revalidated)
npm http fetch GET 200 https://registry.npmjs.org/cli-table3 589ms (cache revalidated)
npm http fetch GET 200 https://registry.npmjs.org/cli-cursor 591ms (cache revalidated)
npm http fetch GET 200 https://registry.npmjs.org/update-notifier 600ms (cache revalidated)
npm http fetch GET 200 https://registry.npmjs.org/log-symbols 592ms (cache revalidated)
npm http fetch GET 200 https://registry.npmjs.org/check-more-types 591ms (cache revalidated)
npm http fetch GET 200 https://registry.npmjs.org/supports-color 598ms (cache revalidated)
npm http fetch GET 200 https://registry.npmjs.org/eventemitter2 599ms (cache revalidated)
npm http fetch GET 200 https://registry.npmjs.org/request-progress 600ms (cache revalidated)
npm http fetch GET 200 https://registry.npmjs.org/git-repo-info 615ms (cache revalidated)
npm http fetch GET 200 https://registry.npmjs.org/decompress 618ms (cache revalidated)
npm http fetch GET 200 https://registry.npmjs.org/getmac 620ms (cache revalidated)
npm http fetch GET 200 https://registry.npmjs.org/detect-port 626ms (cache revalidated)
npm http fetch GET 200 https://registry.npmjs.org/git-last-commit 626ms (cache revalidated)
npm http fetch GET 200 https://registry.npmjs.org/getos 620ms (cache revalidated)
npm http fetch GET 200 https://registry.npmjs.org/unzipper 625ms (cache revalidated)
npm http fetch GET 200 https://registry.npmjs.org/windows-release 629ms (cache revalidated)
npm http fetch GET 200 https://registry.npmjs.org/executable 623ms (cache revalidated)
npm http fetch GET 200 https://registry.npmjs.org/tsc-alias 633ms (cache revalidated)
npm http fetch GET 200 https://registry.npmjs.org/gitconfiglocal 642ms (cache revalidated)
npm http fetch GET 200 https://registry.npmjs.org/figures 636ms (cache revalidated)
npm http fetch GET 200 https://registry.npmjs.org/node-ipc 643ms (cache revalidated)
npm http fetch GET 200 https://registry.npmjs.org/listr2 639ms (cache revalidated)
npm http fetch GET 200 https://registry.npmjs.org/yauzl 651ms (cache revalidated)
npm http fetch GET 200 https://registry.npmjs.org/ospath 651ms (cache revalidated)
npm http fetch GET 200 https://registry.npmjs.org/hasha 654ms (cache revalidated)
npm http fetch GET 200 https://registry.npmjs.org/enquirer 653ms (cache revalidated)
npm http fetch GET 200 https://registry.npmjs.org/pretty-bytes 651ms (cache revalidated)
npm http fetch GET 200 https://registry.npmjs.org/extract-zip 668ms (cache revalidated)
npm http fetch GET 200 https://registry.npmjs.org/blob-util 670ms (cache revalidated)
npm http fetch GET 200 https://registry.npmjs.org/common-tags 670ms (cache revalidated)
npm http fetch GET 200 https://registry.npmjs.org/cachedir 680ms (cache revalidated)
npm http fetch GET 200 https://registry.npmjs.org/is-installed-globally 705ms (cache revalidated)
npm http fetch GET 200 https://registry.npmjs.org/proxy-from-env 708ms (cache revalidated)
npm http fetch GET 200 https://registry.npmjs.org/@cypress%2frequest 736ms (cache revalidated)
npm http fetch GET 200 https://registry.npmjs.org/@types%2fsizzle 874ms (cache revalidated)
npm http fetch GET 200 https://registry.npmjs.org/@cypress%2fxvfb 931ms (cache revalidated)
npm http fetch GET 200 https://registry.npmjs.org/browserstack-local 1039ms (cache revalidated)
npm http fetch GET 200 https://registry.npmjs.org/@types%2fsinonjs__fake-timers 1302ms (cache revalidated)
npm http fetch GET 200 https://registry.npmjs.org/archiver-utils 291ms (cache revalidated)
npm http fetch GET 200 https://registry.npmjs.org/zip-stream 293ms (cache revalidated)
npm http fetch GET 200 https://registry.npmjs.org/agent-base 294ms (cache revalidated)
npm http fetch GET 200 https://registry.npmjs.org/readdir-glob 299ms (cache revalidated)
npm http fetch GET 200 https://registry.npmjs.org/is-retry-allowed 295ms (cache revalidated)
npm http fetch GET 200 https://registry.npmjs.org/ansi-styles 295ms (cache revalidated)
npm http fetch GET 200 https://registry.npmjs.org/follow-redirects 298ms (cache revalidated)
npm http fetch GET 200 https://registry.npmjs.org/readable-stream 300ms (cache revalidated)
npm http fetch GET 200 https://registry.npmjs.org/string-width 297ms (cache revalidated)
npm http fetch GET 200 https://registry.npmjs.org/tar-stream 303ms (cache revalidated)
npm http fetch GET 200 https://registry.npmjs.org/@babel%2fruntime 301ms (cache revalidated)
npm http fetch GET 200 https://registry.npmjs.org/buffer-crc32 597ms (cache revalidated)
npm http fetch GET 200 https://registry.npmjs.org/decompress-tarbz2 592ms (cache revalidated)
npm http fetch GET 200 https://registry.npmjs.org/require-main-filename 565ms (cache revalidated)
npm http fetch GET 200 https://registry.npmjs.org/is-running 595ms (cache revalidated)
npm http fetch GET 200 https://registry.npmjs.org/address 593ms (cache revalidated)
npm http fetch GET 200 https://registry.npmjs.org/pify 596ms (cache revalidated)
npm http fetch GET 200 https://registry.npmjs.org/asynckit 594ms (cache revalidated)
npm http fetch GET 200 https://registry.npmjs.org/combined-stream 594ms (cache revalidated)
npm http fetch GET 200 https://registry.npmjs.org/graceful-fs 597ms (cache revalidated)
npm http fetch GET 200 https://registry.npmjs.org/path-is-absolute 589ms (cache revalidated)
npm http fetch GET 200 https://registry.npmjs.org/make-dir 598ms (cache revalidated)
npm http fetch GET 200 https://registry.npmjs.org/hasown 596ms (cache revalidated)
npm http fetch GET 200 https://registry.npmjs.org/mime-types 596ms (cache revalidated)
npm http fetch GET 200 https://registry.npmjs.org/graceful-fs 596ms (cache revalidated)
npm http fetch GET 200 https://registry.npmjs.org/ms 590ms (cache revalidated)
npm http fetch GET 200 https://registry.npmjs.org/find-up 591ms (cache revalidated)
npm http fetch GET 200 https://registry.npmjs.org/universalify 598ms (cache revalidated)
npm http fetch GET 200 https://registry.npmjs.org/inflight 596ms (cache revalidated)
npm http fetch GET 200 https://registry.npmjs.org/js-yaml 591ms (cache revalidated)
npm http fetch GET 200 https://registry.npmjs.org/agent-base 595ms (cache revalidated)
npm http fetch GET 200 https://registry.npmjs.org/diff 594ms (cache revalidated)
npm http fetch GET 200 https://registry.npmjs.org/minimatch 594ms (cache revalidated)
npm http fetch GET 200 https://registry.npmjs.org/inherits 601ms (cache revalidated)
npm http fetch GET 200 https://registry.npmjs.org/browser-stdout 596ms (cache revalidated)
npm http fetch GET 200 https://registry.npmjs.org/minimatch 602ms (cache revalidated)
npm http fetch GET 200 https://registry.npmjs.org/ansi-colors 601ms (cache revalidated)
npm http fetch GET 200 https://registry.npmjs.org/es-set-tostringtag 612ms (cache revalidated)
npm http fetch GET 200 https://registry.npmjs.org/chokidar 602ms (cache revalidated)
npm http fetch GET 200 https://registry.npmjs.org/once 609ms (cache revalidated)
npm http fetch GET 200 https://registry.npmjs.org/@types%2fnode 615ms (cache revalidated)
npm http fetch GET 200 https://registry.npmjs.org/strip-json-comments 622ms (cache revalidated)
npm http fetch GET 200 https://registry.npmjs.org/node-int64 617ms (cache revalidated)
npm http fetch GET 200 https://registry.npmjs.org/ini 631ms (cache revalidated)
npm http fetch GET 200 https://registry.npmjs.org/yargs-unparser 624ms (cache revalidated)
npm http fetch GET 200 https://registry.npmjs.org/normalize-path 621ms (cache revalidated)
npm http fetch GET 200 https://registry.npmjs.org/ajv 624ms (cache revalidated)
npm http fetch GET 200 https://registry.npmjs.org/get-tsconfig 626ms (cache revalidated)
npm http fetch GET 200 https://registry.npmjs.org/configstore 624ms (cache revalidated)
npm http fetch GET 200 https://registry.npmjs.org/slice-ansi 629ms (cache revalidated)
npm http fetch GET 200 https://registry.npmjs.org/yargs-parser 632ms (cache revalidated)
npm http fetch GET 200 https://registry.npmjs.org/latest-version 625ms (cache revalidated)
npm http fetch GET 200 https://registry.npmjs.org/globby 630ms (cache revalidated)
npm http fetch GET 200 https://registry.npmjs.org/escape-string-regexp 635ms (cache revalidated)
npm http fetch GET 200 https://registry.npmjs.org/semver-diff 627ms (cache revalidated)
npm http fetch GET 200 https://registry.npmjs.org/import-lazy 628ms (cache revalidated)
npm http fetch GET 200 https://registry.npmjs.org/pupa 629ms (cache revalidated)
npm http fetch GET 200 https://registry.npmjs.org/boxen 629ms (cache revalidated)
npm http fetch GET 200 https://registry.npmjs.org/colors 627ms (cache revalidated)
npm http fetch GET 200 https://registry.npmjs.org/string-width 635ms (cache revalidated)
npm http fetch GET 200 https://registry.npmjs.org/xdg-basedir 630ms (cache revalidated)
npm http fetch GET 200 https://registry.npmjs.org/graceful-fs 633ms (cache revalidated)
npm http fetch GET 200 https://registry.npmjs.org/serialize-javascript 638ms (cache revalidated)
npm http fetch GET 200 https://registry.npmjs.org/cliui 628ms (cache revalidated)
npm http fetch GET 200 https://registry.npmjs.org/isstream 630ms (cache revalidated)
npm http fetch GET 200 https://registry.npmjs.org/y18n 630ms (cache revalidated)
npm http fetch GET 200 https://registry.npmjs.org/which-module 630ms (cache revalidated)
npm http fetch GET 200 https://registry.npmjs.org/get-caller-file 629ms (cache revalidated)
npm http fetch GET 200 https://registry.npmjs.org/yargs-parser 629ms (cache revalidated)
npm http fetch GET 200 https://registry.npmjs.org/find-up 636ms (cache revalidated)
npm http fetch GET 200 https://registry.npmjs.org/require-directory 636ms (cache revalidated)
npm http fetch GET 200 https://registry.npmjs.org/decompress-unzip 665ms (cache revalidated)
npm http fetch GET 200 https://registry.npmjs.org/decompress-tar 665ms (cache revalidated)
npm http fetch GET 200 https://registry.npmjs.org/decompress-targz 666ms (cache revalidated)
npm http fetch GET 200 https://registry.npmjs.org/jsonfile 677ms (cache revalidated)
npm http fetch GET 200 https://registry.npmjs.org/event-pubsub 677ms (cache revalidated)
npm http fetch GET 200 https://registry.npmjs.org/is-npm 694ms (cache revalidated)
npm http fetch GET 200 https://registry.npmjs.org/is-in-ci 733ms (cache revalidated)
npm http fetch GET 200 https://registry.npmjs.org/eyes 731ms (cache revalidated)
npm http fetch GET 200 https://registry.npmjs.org/js-queue 740ms (cache revalidated)
npm http fetch GET 200 https://registry.npmjs.org/workerpool 743ms (cache revalidated)
npm http fetch GET 200 https://registry.npmjs.org/mylas 739ms (cache revalidated)
npm http fetch GET 200 https://registry.npmjs.org/duplexer2 739ms (cache revalidated)
npm http fetch GET 200 https://registry.npmjs.org/cycle 734ms (cache revalidated)
npm http fetch GET 200 https://registry.npmjs.org/set-blocking 734ms (cache revalidated)
npm http fetch GET 200 https://registry.npmjs.org/he 751ms (cache revalidated)
npm http fetch GET 200 https://registry.npmjs.org/decamelize 737ms (cache revalidated)
npm http fetch GET 200 https://registry.npmjs.org/js-message 749ms (cache revalidated)
npm http fetch GET 200 https://registry.npmjs.org/stack-trace 739ms (cache revalidated)
npm http fetch GET 200 https://registry.npmjs.org/plimit-lit 756ms (cache revalidated)
npm http fetch GET 200 https://registry.npmjs.org/fs.realpath 1261ms (cache revalidated)
npm http fetch GET 200 https://registry.npmjs.org/strip-dirs 1274ms (cache revalidated)
npm http fetch GET 200 https://registry.npmjs.org/lodash.difference 55ms (cache revalidated)
npm http fetch GET 200 https://registry.npmjs.org/lodash.isplainobject 69ms (cache revalidated)
npm http fetch GET 200 https://registry.npmjs.org/lodash.defaults 70ms (cache revalidated)
npm http fetch GET 200 https://registry.npmjs.org/lazystream 71ms (cache revalidated)
npm http fetch GET 200 https://registry.npmjs.org/string_decoder 68ms (cache revalidated)
npm http fetch GET 200 https://registry.npmjs.org/compress-commons 65ms (cache revalidated)
npm http fetch GET 200 https://registry.npmjs.org/util-deprecate 69ms (cache revalidated)
npm http fetch GET 200 https://registry.npmjs.org/lodash.union 72ms (cache revalidated)
npm http fetch GET 200 https://registry.npmjs.org/bl 69ms (cache revalidated)
npm http fetch GET 200 https://registry.npmjs.org/fs-constants 70ms (cache revalidated)
npm http fetch GET 200 https://registry.npmjs.org/end-of-stream 224ms (cache revalidated)
npm http fetch GET 200 https://registry.npmjs.org/lodash.flatten 262ms (cache revalidated)
npm http fetch GET 200 https://registry.npmjs.org/isarray 37ms (cache revalidated)
npm http fetch GET 200 https://registry.npmjs.org/process-nextick-args 36ms (cache revalidated)
npm http fetch GET 200 https://registry.npmjs.org/safe-buffer 38ms (cache revalidated)
npm http fetch GET 200 https://registry.npmjs.org/core-util-is 40ms (cache revalidated)
npm http fetch GET 200 https://registry.npmjs.org/has-flag 32ms (cache revalidated)
npm http fetch GET 200 https://registry.npmjs.org/color-convert 38ms (cache revalidated)
npm http fetch GET 200 https://registry.npmjs.org/color-name 29ms (cache revalidated)
npm http fetch GET 200 https://registry.npmjs.org/emoji-regex 32ms (cache revalidated)
npm http fetch GET 200 https://registry.npmjs.org/strip-ansi 33ms (cache revalidated)
npm http fetch GET 200 https://registry.npmjs.org/is-fullwidth-code-point 36ms (cache revalidated)
npm http fetch GET 200 https://registry.npmjs.org/aws4 144ms (cache revalidated)
npm http fetch GET 200 https://registry.npmjs.org/aws-sign2 144ms (cache revalidated)
npm http fetch GET 200 https://registry.npmjs.org/ieee754 138ms (cache revalidated)
npm http fetch GET 200 https://registry.npmjs.org/http-signature 144ms (cache revalidated)
npm http fetch GET 200 https://registry.npmjs.org/base64-js 140ms (cache revalidated)
npm http fetch GET 200 https://registry.npmjs.org/is-typedarray 145ms (cache revalidated)
npm http fetch GET 200 https://registry.npmjs.org/qs 148ms (cache revalidated)
npm http fetch GET 200 https://registry.npmjs.org/forever-agent 148ms (cache revalidated)
npm http fetch GET 200 https://registry.npmjs.org/tunnel-agent 148ms (cache revalidated)
npm http fetch GET 200 https://registry.npmjs.org/tough-cookie 153ms (cache revalidated)
npm http fetch GET 200 https://registry.npmjs.org/npm-run-path 156ms (cache revalidated)
npm http fetch GET 200 https://registry.npmjs.org/is-stream 158ms (cache revalidated)
npm http fetch GET 200 https://registry.npmjs.org/restore-cursor 163ms (cache revalidated)
npm http fetch GET 200 https://registry.npmjs.org/cross-spawn 159ms (cache revalidated)
npm http fetch GET 200 https://registry.npmjs.org/onetime 160ms (cache revalidated)
npm http fetch GET 200 https://registry.npmjs.org/get-stream 160ms (cache revalidated)
npm http fetch GET 200 https://registry.npmjs.org/signal-exit 162ms (cache revalidated)
npm http fetch GET 200 https://registry.npmjs.org/get-stream 161ms (cache revalidated)
npm http fetch GET 200 https://registry.npmjs.org/strip-final-newline 167ms (cache revalidated)
npm http fetch GET 200 https://registry.npmjs.org/merge-stream 167ms (cache revalidated)
npm http fetch GET 200 https://registry.npmjs.org/human-signals 169ms (cache revalidated)
npm http fetch GET 200 https://registry.npmjs.org/is-path-inside 167ms (cache revalidated)
npm http fetch GET 200 https://registry.npmjs.org/type-fest 168ms (cache revalidated)
npm http fetch GET 200 https://registry.npmjs.org/at-least-node 177ms (cache revalidated)
npm http fetch GET 200 https://registry.npmjs.org/through 174ms (cache revalidated)
npm http fetch GET 200 https://registry.npmjs.org/rfdc 175ms (cache revalidated)
npm http fetch GET 200 https://registry.npmjs.org/rxjs 181ms (cache revalidated)
npm http fetch GET 200 https://registry.npmjs.org/wrap-ansi 187ms (cache revalidated)
npm http fetch GET 200 https://registry.npmjs.org/p-map 189ms (cache revalidated)
npm http fetch GET 200 https://registry.npmjs.org/is-unicode-supported 188ms (cache revalidated)
npm http fetch GET 200 https://registry.npmjs.org/cli-truncate 191ms (cache revalidated)
npm http fetch GET 200 https://registry.npmjs.org/throttleit 193ms (cache revalidated)
npm http fetch GET 200 https://registry.npmjs.org/log-update 201ms (cache revalidated)
npm http fetch GET 200 https://registry.npmjs.org/fd-slicer 192ms (cache revalidated)
npm http fetch GET 200 https://registry.npmjs.org/extend 298ms (cache revalidated)
npm http fetch GET 200 https://registry.npmjs.org/lodash.once 296ms (cache revalidated)
npm http fetch GET 200 https://registry.npmjs.org/json-stringify-safe 304ms (cache revalidated)
npm http fetch GET 200 https://registry.npmjs.org/performance-now 322ms (cache revalidated)
npm http fetch GET 200 https://registry.npmjs.org/caseless 326ms (cache revalidated)
npm http fetch GET 200 https://registry.npmjs.org/global-dirs 347ms (cache revalidated)
npm http fetch GET 200 https://registry.npmjs.org/@types%2fyauzl 387ms (cache revalidated)
npm http fetch GET 200 https://registry.npmjs.org/colorette 462ms (cache revalidated)
npm http fetch GET 200 https://registry.npmjs.org/delayed-stream 52ms (cache revalidated)
npm http fetch GET 200 https://registry.npmjs.org/mime-db 48ms (cache revalidated)
npm http fetch GET 200 https://registry.npmjs.org/side-channel 51ms (cache revalidated)
npm http fetch GET 200 https://registry.npmjs.org/jsprim 57ms (cache revalidated)
npm http fetch GET 200 https://registry.npmjs.org/sshpk 232ms (cache revalidated)
npm http fetch GET 200 https://registry.npmjs.org/assert-plus 252ms (cache revalidated)
npm http fetch GET 200 https://registry.npmjs.org/tldts 248ms (cache revalidated)
npm http fetch GET 200 https://registry.npmjs.org/unbzip2-stream 40ms (cache revalidated)
npm http fetch GET 200 https://registry.npmjs.org/file-type 44ms (cache revalidated)
npm http fetch GET 200 https://registry.npmjs.org/seek-bzip 45ms (cache revalidated)
npm http fetch GET 200 https://registry.npmjs.org/file-type 49ms (cache revalidated)
npm http fetch GET 200 https://registry.npmjs.org/file-type 49ms (cache revalidated)
npm http fetch GET 200 https://registry.npmjs.org/is-natural-number 230ms (cache revalidated)
npm http fetch GET 200 https://registry.npmjs.org/to-buffer 44ms (cache revalidated)
npm http fetch GET 200 https://registry.npmjs.org/xtend 45ms (cache revalidated)
npm http fetch GET 200 https://registry.npmjs.org/buffer-alloc 233ms (cache revalidated)
npm http fetch GET 200 https://registry.npmjs.org/object-assign 35ms (cache revalidated)
npm http fetch GET 200 https://registry.npmjs.org/pinkie-promise 215ms (cache revalidated)
npm http fetch GET 200 https://registry.npmjs.org/ansi-regex 35ms (cache revalidated)
npm http fetch GET 200 https://registry.npmjs.org/pump 42ms (cache revalidated)
npm http fetch GET 200 https://registry.npmjs.org/shebang-command 44ms (cache revalidated)
npm http fetch GET 200 https://registry.npmjs.org/which 45ms (cache revalidated)
npm http fetch GET 200 https://registry.npmjs.org/path-key 42ms (cache revalidated)
npm http fetch GET 200 https://registry.npmjs.org/path-key 46ms (cache revalidated)
npm http fetch GET 200 https://registry.npmjs.org/mimic-fn 41ms (cache revalidated)
npm http fetch GET 200 https://registry.npmjs.org/shebang-regex 38ms (cache revalidated)
npm http fetch GET 200 https://registry.npmjs.org/isexe 41ms (cache revalidated)
npm http fetch GET 200 https://registry.npmjs.org/undici-types 31ms (cache revalidated)
npm http fetch GET 200 https://registry.npmjs.org/es-errors 37ms (cache revalidated)
npm http fetch GET 200 https://registry.npmjs.org/get-intrinsic 37ms (cache revalidated)
npm http fetch GET 200 https://registry.npmjs.org/has-tostringtag 41ms (cache revalidated)
npm http fetch GET 200 https://registry.npmjs.org/function-bind 40ms (cache revalidated)
npm http fetch GET 200 https://registry.npmjs.org/es-object-atoms 34ms (cache revalidated)
npm http fetch GET 200 https://registry.npmjs.org/gopd 38ms (cache revalidated)
npm http fetch GET 200 https://registry.npmjs.org/get-proto 48ms (cache revalidated)
npm http fetch GET 200 https://registry.npmjs.org/call-bind-apply-helpers 47ms (cache revalidated)
npm http fetch GET 200 https://registry.npmjs.org/es-define-property 48ms (cache revalidated)
npm http fetch GET 200 https://registry.npmjs.org/has-symbols 49ms (cache revalidated)
npm http fetch GET 200 https://registry.npmjs.org/has-symbols 47ms (cache revalidated)
npm http fetch GET 200 https://registry.npmjs.org/math-intrinsics 49ms (cache revalidated)
npm http fetch GET 200 https://registry.npmjs.org/dunder-proto 37ms (cache revalidated)
npm http fetch GET 200 https://registry.npmjs.org/pinkie 201ms (cache revalidated)
npm http fetch GET 200 https://registry.npmjs.org/wrappy 35ms (cache revalidated)
npm http fetch GET 200 https://registry.npmjs.org/brace-expansion 34ms (cache revalidated)
npm http fetch GET 200 https://registry.npmjs.org/dashdash 47ms (cache revalidated)
npm http fetch GET 200 https://registry.npmjs.org/ecc-jsbn 47ms (cache revalidated)
npm http fetch GET 200 https://registry.npmjs.org/safer-buffer 48ms (cache revalidated)
npm http fetch GET 200 https://registry.npmjs.org/tweetnacl 48ms (cache revalidated)
npm http fetch GET 200 https://registry.npmjs.org/json-schema 52ms (cache revalidated)
npm http fetch GET 200 https://registry.npmjs.org/jsbn 53ms (cache revalidated)
npm http fetch GET 200 https://registry.npmjs.org/bcrypt-pbkdf 228ms (cache revalidated)
npm http fetch GET 200 https://registry.npmjs.org/getpass 229ms (cache revalidated)
npm http fetch GET 200 https://registry.npmjs.org/extsprintf 233ms (cache revalidated)
npm http fetch GET 200 https://registry.npmjs.org/verror 245ms (cache revalidated)
npm http fetch GET 200 https://registry.npmjs.org/asn1 297ms (cache revalidated)
npm http fetch GET 200 https://registry.npmjs.org/ansi-escapes 43ms (cache revalidated)
npm http fetch GET 200 https://registry.npmjs.org/tslib 47ms (cache revalidated)
npm http fetch GET 200 https://registry.npmjs.org/aggregate-error 225ms (cache revalidated)
npm http fetch GET 200 https://registry.npmjs.org/astral-regex 28ms (cache revalidated)
npm http fetch GET 200 https://registry.npmjs.org/concat-map 32ms (cache revalidated)
npm http fetch GET 200 https://registry.npmjs.org/balanced-match 32ms (cache revalidated)
npm http fetch GET 200 https://registry.npmjs.org/braces 75ms (cache revalidated)
npm http fetch GET 200 https://registry.npmjs.org/is-binary-path 75ms (cache revalidated)
npm http fetch GET 200 https://registry.npmjs.org/argparse 71ms (cache revalidated)
npm http fetch GET 200 https://registry.npmjs.org/readdirp 78ms (cache revalidated)
npm http fetch GET 200 https://registry.npmjs.org/path-exists 76ms (cache revalidated)
npm http fetch GET 200 https://registry.npmjs.org/escalade 70ms (cache revalidated)
npm http fetch GET 200 https://registry.npmjs.org/is-glob 82ms (cache revalidated)
npm http fetch GET 200 https://registry.npmjs.org/fsevents 80ms (cache revalidated)
npm http fetch GET 200 https://registry.npmjs.org/locate-path 81ms (cache revalidated)
npm http fetch GET 200 https://registry.npmjs.org/camelcase 73ms (cache revalidated)
npm http fetch GET 200 https://registry.npmjs.org/glob-parent 86ms (cache revalidated)
npm http fetch GET 200 https://registry.npmjs.org/randombytes 80ms (cache revalidated)
npm http fetch GET 200 https://registry.npmjs.org/anymatch 88ms (cache revalidated)
npm http fetch GET 200 https://registry.npmjs.org/is-plain-obj 75ms (cache revalidated)
npm http fetch GET 200 https://registry.npmjs.org/flat 239ms (cache revalidated)
npm http fetch GET 200 https://registry.npmjs.org/fill-range 35ms (cache revalidated)
npm http fetch GET 200 https://registry.npmjs.org/binary-extensions 38ms (cache revalidated)
npm http fetch GET 200 https://registry.npmjs.org/is-extglob 39ms (cache revalidated)
npm http fetch GET 200 https://registry.npmjs.org/picomatch 42ms (cache revalidated)
npm http fetch GET 200 https://registry.npmjs.org/picomatch 39ms (cache revalidated)
npm http fetch GET 200 https://registry.npmjs.org/to-regex-range 30ms (cache revalidated)
npm http fetch GET 200 https://registry.npmjs.org/is-number 30ms (cache revalidated)
npm http fetch GET 200 https://registry.npmjs.org/p-locate 32ms (cache revalidated)
npm http fetch GET 200 https://registry.npmjs.org/p-limit 33ms (cache revalidated)
npm http fetch GET 200 https://registry.npmjs.org/easy-stack 192ms (cache revalidated)
npm http fetch GET 200 https://registry.npmjs.org/yocto-queue 34ms (cache revalidated)
npm http fetch GET 200 https://registry.npmjs.org/indent-string 30ms (cache revalidated)
npm http fetch GET 200 https://registry.npmjs.org/clean-stack 37ms (cache revalidated)
npm http fetch GET 200 https://registry.npmjs.org/side-channel-list 34ms (cache revalidated)
npm http fetch GET 200 https://registry.npmjs.org/side-channel-map 35ms (cache revalidated)
npm http fetch GET 200 https://registry.npmjs.org/side-channel-weakmap 35ms (cache revalidated)
npm http fetch GET 200 https://registry.npmjs.org/object-inspect 39ms (cache revalidated)
npm http fetch GET 200 https://registry.npmjs.org/call-bound 29ms (cache revalidated)
npm http fetch GET 200 https://registry.npmjs.org/fast-json-stable-stringify 39ms (cache revalidated)
npm http fetch GET 200 https://registry.npmjs.org/uri-js 40ms (cache revalidated)
npm http fetch GET 200 https://registry.npmjs.org/json-schema-traverse 40ms (cache revalidated)
npm http fetch GET 200 https://registry.npmjs.org/fast-deep-equal 46ms (cache revalidated)
npm http fetch GET 200 https://registry.npmjs.org/punycode 36ms (cache revalidated)
npm http fetch GET 200 https://registry.npmjs.org/tldts-core 226ms (cache revalidated)
npm http fetch GET 200 https://registry.npmjs.org/slash 45ms (cache revalidated)
npm http fetch GET 200 https://registry.npmjs.org/dir-glob 46ms (cache revalidated)
npm http fetch GET 200 https://registry.npmjs.org/merge2 50ms (cache revalidated)
npm http fetch GET 200 https://registry.npmjs.org/fast-glob 51ms (cache revalidated)
npm http fetch GET 200 https://registry.npmjs.org/ignore 52ms (cache revalidated)
npm http fetch GET 200 https://registry.npmjs.org/resolve-pkg-maps 54ms (cache revalidated)
npm http fetch GET 200 https://registry.npmjs.org/array-union 57ms (cache revalidated)
npm http fetch GET 200 https://registry.npmjs.org/queue-lit 223ms (cache revalidated)
npm http fetch GET 200 https://registry.npmjs.org/micromatch 39ms (cache revalidated)
npm http fetch GET 200 https://registry.npmjs.org/path-type 42ms (cache revalidated)
npm http fetch GET 200 https://registry.npmjs.org/@nodelib%2ffs.walk 45ms (cache revalidated)
npm http fetch GET 200 https://registry.npmjs.org/@nodelib%2ffs.stat 46ms (cache revalidated)
npm http fetch GET 200 https://registry.npmjs.org/fastq 44ms (cache revalidated)
npm http fetch GET 200 https://registry.npmjs.org/@nodelib%2ffs.scandir 45ms (cache revalidated)
npm http fetch GET 200 https://registry.npmjs.org/run-parallel 35ms (cache revalidated)
npm http fetch GET 200 https://registry.npmjs.org/reusify 45ms (cache revalidated)
npm http fetch GET 200 https://registry.npmjs.org/queue-microtask 27ms (cache revalidated)
npm http fetch GET 200 https://registry.npmjs.org/dot-prop 47ms (cache revalidated)
npm http fetch GET 200 https://registry.npmjs.org/ansi-align 51ms (cache revalidated)
npm http fetch GET 200 https://registry.npmjs.org/write-file-atomic 51ms (cache revalidated)
npm http fetch GET 200 https://registry.npmjs.org/cli-boxes 54ms (cache revalidated)
npm http fetch GET 200 https://registry.npmjs.org/unique-string 57ms (cache revalidated)
npm http fetch GET 200 https://registry.npmjs.org/widest-line 61ms (cache revalidated)
npm http fetch GET 200 https://registry.npmjs.org/package-json 54ms (cache revalidated)
npm http fetch GET 200 https://registry.npmjs.org/escape-goat 54ms (cache revalidated)
npm http fetch GET 200 https://registry.npmjs.org/eastasianwidth 31ms (cache revalidated)
npm http fetch GET 200 https://registry.npmjs.org/crypto-random-string 37ms (cache revalidated)
npm http fetch GET 200 https://registry.npmjs.org/imurmurhash 36ms (cache revalidated)
npm http fetch GET 200 https://registry.npmjs.org/typedarray-to-buffer 37ms (cache revalidated)
npm http fetch GET 200 https://registry.npmjs.org/is-obj 244ms (cache revalidated)
npm http fetch GET 200 https://registry.npmjs.org/got 33ms (cache revalidated)
npm http fetch GET 200 https://registry.npmjs.org/registry-url 37ms (cache revalidated)
npm http fetch GET 200 https://registry.npmjs.org/registry-auth-token 40ms (cache revalidated)
npm http fetch GET 200 https://registry.npmjs.org/http2-wrapper 50ms (cache revalidated)
npm http fetch GET 200 https://registry.npmjs.org/responselike 55ms (cache revalidated)
npm http fetch GET 200 https://registry.npmjs.org/cacheable-request 55ms (cache revalidated)
npm http fetch GET 200 https://registry.npmjs.org/p-cancelable 62ms (cache revalidated)
npm http fetch GET 200 https://registry.npmjs.org/decompress-response 61ms (cache revalidated)
npm http fetch GET 200 https://registry.npmjs.org/cacheable-lookup 62ms (cache revalidated)
npm http fetch GET 200 https://registry.npmjs.org/form-data-encoder 63ms (cache revalidated)
npm http fetch GET 200 https://registry.npmjs.org/rc 62ms (cache revalidated)
npm http fetch GET 200 https://registry.npmjs.org/@sindresorhus%2fis 66ms (cache revalidated)
npm http fetch GET 200 https://registry.npmjs.org/@szmarczak%2fhttp-timer 67ms (cache revalidated)
npm http fetch GET 200 https://registry.npmjs.org/lowercase-keys 242ms (cache revalidated)
npm http fetch GET 200 https://registry.npmjs.org/@pnpm%2fnpm-conf 474ms (cache revalidated)
npm http fetch GET 200 https://registry.npmjs.org/keyv 59ms (cache revalidated)
npm http fetch GET 200 https://registry.npmjs.org/mimic-response 59ms (cache revalidated)
npm http fetch GET 200 https://registry.npmjs.org/mimic-response 60ms (cache revalidated)
npm http fetch GET 200 https://registry.npmjs.org/defer-to-connect 63ms (cache revalidated)
npm http fetch GET 200 https://registry.npmjs.org/normalize-url 63ms (cache revalidated)
npm http fetch GET 200 https://registry.npmjs.org/quick-lru 61ms (cache revalidated)
npm http fetch GET 200 https://registry.npmjs.org/resolve-alpn 62ms (cache revalidated)
npm http fetch GET 200 https://registry.npmjs.org/@types%2fhttp-cache-semantics 65ms (cache revalidated)
npm http fetch GET 200 https://registry.npmjs.org/http-cache-semantics 231ms (cache revalidated)
npm http fetch GET 200 https://registry.npmjs.org/json-buffer 30ms (cache revalidated)
npm http fetch GET 200 https://registry.npmjs.org/config-chain 209ms (cache revalidated)
npm http fetch GET 200 https://registry.npmjs.org/@pnpm%2fconfig.env-replace 478ms (cache revalidated)
npm http fetch GET 200 https://registry.npmjs.org/@pnpm%2fnetwork.ca-file 478ms (cache revalidated)
npm http fetch GET 200 https://registry.npmjs.org/proto-list 217ms (cache revalidated)
npm http fetch GET 200 https://registry.npmjs.org/deep-extend 28ms (cache revalidated)
npm http fetch GET 200 https://registry.npmjs.org/pend 29ms (cache revalidated)
npm http fetch GET 200 https://registry.npmjs.org/crc32-stream 28ms (cache revalidated)
npm http fetch GET 200 https://registry.npmjs.org/crc-32 29ms (cache revalidated)
npm http fetch GET 200 https://registry.npmjs.org/buffer-alloc-unsafe 36ms (cache revalidated)
npm http fetch GET 200 https://registry.npmjs.org/typed-array-buffer 40ms (cache revalidated)
npm http fetch GET 200 https://registry.npmjs.org/buffer-fill 239ms (cache revalidated)
npm http fetch GET 200 https://registry.npmjs.org/is-typed-array 31ms (cache revalidated)
npm http fetch GET 200 https://registry.npmjs.org/which-typed-array 32ms (cache revalidated)
npm http fetch GET 200 https://registry.npmjs.org/call-bind 37ms (cache revalidated)
npm http fetch GET 200 https://registry.npmjs.org/available-typed-arrays 37ms (cache revalidated)
npm http fetch GET 200 https://registry.npmjs.org/for-each 38ms (cache revalidated)
npm http fetch GET 200 https://registry.npmjs.org/possible-typed-array-names 36ms (cache revalidated)
npm http fetch GET 200 https://registry.npmjs.org/set-function-length 43ms (cache revalidated)
npm http fetch GET 200 https://registry.npmjs.org/is-callable 43ms (cache revalidated)
npm http fetch GET 200 https://registry.npmjs.org/has-property-descriptors 30ms (cache revalidated)
npm http fetch GET 200 https://registry.npmjs.org/define-data-property 31ms (cache revalidated)
npm http fetch GET 200 https://registry.npmjs.org/p-try 28ms (cache revalidated)
npm verb reify failed optional dependency C:\Users\User\Downloads\zadanie6-cypress\zadanie6-cypress\tmpBstackPackages\node_modules\fsevents
npm http fetch POST 200 https://registry.npmjs.org/-/npm/v1/security/advisories/bulk 841ms
npm WARN deprecated inflight@1.0.6: This module is not supported, and leaks memory. Do not use it. Check out lru-cache if you want a good and tested way to coalesce async requests by a key value, which is much more comprehensive and powerful.
npm WARN deprecated glob@7.2.3: Old versions of glob are not supported, and contain widely publicized security vulnerabilities, which have been fixed in the current version. Please update. Support for old versions may be purchased (at exorbitant rates) by contacting i@izs.me
npm WARN deprecated glob@8.1.0: Old versions of glob are not supported, and contain widely publicized security vulnerabilities, which have been fixed in the current version. Please update. Support for old versions may be purchased (at exorbitant rates) by contacting i@izs.me
npm WARN deprecated uuid@8.3.2: uuid@10 and below is no longer supported.  For ESM codebases, update to uuid@latest.  For CommonJS codebases, use uuid@11 (but be aware this version will likely be deprecated in 2028).
npm info run cypress@14.5.4 postinstall node_modules/cypress node index.js --exec install
npm info run cypress@14.5.4 postinstall { code: 0, signal: null }

added 497 packages, and audited 498 packages in 18s

112 packages are looking for funding
  run `npm fund` for details

3 high severity vulnerabilities

To address all issues (including breaking changes), run:
  npm audit fix --force

Run `npm audit` for details.
npm verb exit 0
npm info ok 
